\BOOKMARK [1][-]{section.1}{\376\377\000P\000r\000o\000j\000e\000c\000t\000\040\000S\000p\000e\000c\000i\000f\000i\000c\000a\000t\000i\000o\000n}{}% 1
\BOOKMARK [1][-]{section.2}{\376\377\000O\000v\000e\000r\000v\000i\000e\000w}{}% 2
\BOOKMARK [1][-]{section.3}{\376\377\000S\000y\000s\000t\000e\000m\000\040\000A\000r\000c\000h\000i\000t\000e\000c\000t\000u\000r\000e}{}% 3
\BOOKMARK [1][-]{section.4}{\376\377\000A\000u\000t\000h\000e\000n\000t\000i\000c\000a\000t\000i\000o\000n\000\040\000S\000y\000s\000t\000e\000m}{}% 4
\BOOKMARK [1][-]{section.5}{\376\377\000G\000a\000m\000e\000\040\000E\000n\000g\000i\000n\000e}{}% 5
\BOOKMARK [1][-]{section.6}{\376\377\000G\000a\000m\000e\000s\000\040\000I\000m\000p\000l\000e\000m\000e\000n\000t\000e\000d}{}% 6
\BOOKMARK [2][-]{subsection.6.1}{\376\377\000T\000i\000c\000\040\000T\000a\000c\000\040\000T\000o\000e}{section.6}% 7
\BOOKMARK [2][-]{subsection.6.2}{\376\377\000O\000t\000h\000e\000l\000l\000o}{section.6}% 8
\BOOKMARK [2][-]{subsection.6.3}{\376\377\000C\000o\000n\000n\000e\000c\000t\000\040\000F\000o\000u\000r}{section.6}% 9
\BOOKMARK [1][-]{section.7}{\376\377\000S\000c\000r\000e\000e\000n\000s\000h\000o\000t\000s\000\040\000a\000n\000d\000\040\000U\000I}{}% 10
\BOOKMARK [2][-]{subsection.7.1}{\376\377\000G\000a\000m\000e\000\040\000M\000e\000n\000u}{section.7}% 11
\BOOKMARK [2][-]{subsection.7.2}{\376\377\000T\000i\000c\000\040\000T\000a\000c\000\040\000T\000o\000e}{section.7}% 12
\BOOKMARK [2][-]{subsection.7.3}{\376\377\000G\000a\000m\000e\000\040\000O\000v\000e\000r}{section.7}% 13
\BOOKMARK [2][-]{subsection.7.4}{\376\377\000L\000e\000a\000d\000e\000r\000b\000o\000a\000r\000d}{section.7}% 14
\BOOKMARK [2][-]{subsection.7.5}{\376\377\000G\000r\000a\000p\000h\000s}{section.7}% 15
\BOOKMARK [1][-]{section.8}{\376\377\000L\000e\000a\000d\000e\000r\000b\000o\000a\000r\000d\000\040\000a\000n\000d\000\040\000A\000n\000a\000l\000y\000t\000i\000c\000s}{}% 16
\BOOKMARK [1][-]{section.9}{\376\377\000C\000o\000d\000e\000\040\000S\000t\000r\000u\000c\000t\000u\000r\000e}{}% 17
\BOOKMARK [1][-]{section.10}{\376\377\000T\000e\000c\000h\000n\000i\000c\000a\000l\000\040\000C\000o\000n\000s\000t\000r\000a\000i\000n\000t\000s}{}% 18
\BOOKMARK [1][-]{section.11}{\376\377\000H\000u\000r\000d\000l\000e\000s\000\040\000F\000a\000c\000e\000d}{}% 19
\BOOKMARK [1][-]{section.12}{\376\377\000F\000u\000t\000u\000r\000e\000\040\000I\000m\000p\000r\000o\000v\000e\000m\000e\000n\000t\000s}{}% 20
\BOOKMARK [1][-]{section.13}{\376\377\000R\000e\000f\000e\000r\000e\000n\000c\000e\000s}{}% 21
